<?php return array (
  0 => 'Symfony\\Bundle\\FrameworkBundle\\Controller\\AbstractController',
  1 => 'App\\Controller\\ActiviteController',
  2 => 'App\\Controller\\ActiviteeBackController',
  3 => 'App\\Controller\\ActiviteeController',
  4 => 'App\\Controller\\AdminAccountController',
  5 => 'App\\Controller\\AdminDashboardController',
  6 => 'App\\Controller\\AdminParameterController',
  7 => 'App\\Controller\\AdminUserController',
  8 => 'App\\Controller\\BackController',
  9 => 'App\\Controller\\CategorieBackCController',
  10 => 'App\\Controller\\EquipementBackController',
  11 => 'App\\Controller\\EquipementController',
  12 => 'App\\Controller\\ExelController',
  13 => 'App\\Controller\\HomeController',
  14 => 'App\\Controller\\LogementBackController',
  15 => 'App\\Controller\\LogementController',
  16 => 'App\\Controller\\MoyenTransportBackController',
  17 => 'App\\Controller\\MoyenTransportController',
  18 => 'App\\Controller\\PlatController',
  19 => 'App\\Controller\\ReclamationBackController',
  20 => 'App\\Controller\\ReclamationController',
  21 => 'App\\Controller\\RegistrationController',
  22 => 'App\\Controller\\ReponseBackController',
  23 => 'App\\Controller\\ReponseController',
  24 => 'App\\Controller\\ResetPasswordController',
  25 => 'App\\Controller\\RestaurantController',
  26 => 'App\\Controller\\SecurityController',
  27 => 'App\\Controller\\TrajetController',
  28 => 'App\\Controller\\TrajetControllerBackController',
  29 => 'App\\Entity\\Activitee',
  30 => 'App\\Entity\\Categorie',
  31 => 'App\\Entity\\Equipement',
  32 => 'App\\Entity\\Logement',
  33 => 'App\\Entity\\MoyenTransport',
  34 => 'App\\Entity\\Plat',
  35 => 'App\\Entity\\Reclamation',
  36 => 'App\\Entity\\Reponse',
  37 => 'App\\Entity\\ResetPasswordRequest',
  38 => 'App\\Entity\\Restaurant',
  39 => 'App\\Entity\\Trajet',
  40 => 'App\\Entity\\User',
  41 => 'Doctrine\\Bundle\\DoctrineBundle\\Controller\\ProfilerController',
  42 => 'Doctrine\\ORM\\Cache\\Persister\\Entity\\AbstractEntityPersister',
  43 => 'Doctrine\\ORM\\Cache\\Persister\\Entity\\CachedEntityPersister',
  44 => 'Doctrine\\ORM\\Cache\\Persister\\Entity\\NonStrictReadWriteCachedEntityPersister',
  45 => 'Doctrine\\ORM\\Cache\\Persister\\Entity\\ReadOnlyCachedEntityPersister',
  46 => 'Doctrine\\ORM\\Cache\\Persister\\Entity\\ReadWriteCachedEntityPersister',
  47 => 'Doctrine\\ORM\\Persisters\\Entity\\AbstractEntityInheritancePersister',
  48 => 'Doctrine\\ORM\\Persisters\\Entity\\BasicEntityPersister',
  49 => 'Doctrine\\ORM\\Persisters\\Entity\\CachedPersisterContext',
  50 => 'Doctrine\\ORM\\Persisters\\Entity\\EntityPersister',
  51 => 'Doctrine\\ORM\\Persisters\\Entity\\JoinedSubclassPersister',
  52 => 'Doctrine\\ORM\\Persisters\\Entity\\SingleTablePersister',
  53 => 'SymfonyCasts\\Bundle\\ResetPassword\\Controller\\ResetPasswordControllerTrait',
  55 => 'Symfony\\Bundle\\FrameworkBundle\\Controller\\ControllerResolver',
  56 => 'Symfony\\Bundle\\FrameworkBundle\\Controller\\RedirectController',
  57 => 'Symfony\\Bundle\\FrameworkBundle\\Controller\\TemplateController',
  58 => 'Symfony\\Bundle\\WebProfilerBundle\\Controller\\ExceptionPanelController',
  59 => 'Symfony\\Bundle\\WebProfilerBundle\\Controller\\ProfilerController',
  60 => 'Symfony\\Bundle\\WebProfilerBundle\\Controller\\RouterController',
  61 => 'Symfony\\Component\\HttpKernel\\Controller\\ArgumentResolver',
  62 => 'Symfony\\Component\\HttpKernel\\Controller\\ArgumentResolverInterface',
  63 => 'Symfony\\Component\\HttpKernel\\Controller\\ArgumentResolver\\DefaultValueResolver',
  64 => 'Symfony\\Component\\HttpKernel\\Controller\\ArgumentResolver\\NotTaggedControllerValueResolver',
  65 => 'Symfony\\Component\\HttpKernel\\Controller\\ArgumentResolver\\RequestAttributeValueResolver',
  66 => 'Symfony\\Component\\HttpKernel\\Controller\\ArgumentResolver\\RequestValueResolver',
  67 => 'Symfony\\Component\\HttpKernel\\Controller\\ArgumentResolver\\ServiceValueResolver',
  68 => 'Symfony\\Component\\HttpKernel\\Controller\\ArgumentResolver\\SessionValueResolver',
  69 => 'Symfony\\Component\\HttpKernel\\Controller\\ArgumentResolver\\TraceableValueResolver',
  70 => 'Symfony\\Component\\HttpKernel\\Controller\\ArgumentResolver\\VariadicValueResolver',
  71 => 'Symfony\\Component\\HttpKernel\\Controller\\ArgumentValueResolverInterface',
  72 => 'Symfony\\Component\\HttpKernel\\Controller\\ContainerControllerResolver',
  73 => 'Symfony\\Component\\HttpKernel\\Controller\\ControllerReference',
  74 => 'Symfony\\Component\\HttpKernel\\Controller\\ControllerResolver',
  75 => 'Symfony\\Component\\HttpKernel\\Controller\\ControllerResolverInterface',
  76 => 'Symfony\\Component\\HttpKernel\\Controller\\ErrorController',
  77 => 'Symfony\\Component\\HttpKernel\\Controller\\TraceableArgumentResolver',
  78 => 'Symfony\\Component\\HttpKernel\\Controller\\TraceableControllerResolver',
  79 => 'Symfony\\Component\\Security\\Http\\Controller\\UserValueResolver',
  80 => 'Twilio\\Rest\\Verify\\V2\\Service\\Entity\\ChallengeContext',
  81 => 'Twilio\\Rest\\Verify\\V2\\Service\\Entity\\ChallengeInstance',
  82 => 'Twilio\\Rest\\Verify\\V2\\Service\\Entity\\ChallengeList',
  83 => 'Twilio\\Rest\\Verify\\V2\\Service\\Entity\\ChallengeOptions',
  84 => 'Twilio\\Rest\\Verify\\V2\\Service\\Entity\\ChallengePage',
  85 => 'Twilio\\Rest\\Verify\\V2\\Service\\Entity\\Challenge\\NotificationInstance',
  86 => 'Twilio\\Rest\\Verify\\V2\\Service\\Entity\\Challenge\\NotificationList',
  87 => 'Twilio\\Rest\\Verify\\V2\\Service\\Entity\\Challenge\\NotificationOptions',
  88 => 'Twilio\\Rest\\Verify\\V2\\Service\\Entity\\Challenge\\NotificationPage',
  89 => 'Twilio\\Rest\\Verify\\V2\\Service\\Entity\\FactorContext',
  90 => 'Twilio\\Rest\\Verify\\V2\\Service\\Entity\\FactorInstance',
  91 => 'Twilio\\Rest\\Verify\\V2\\Service\\Entity\\FactorList',
  92 => 'Twilio\\Rest\\Verify\\V2\\Service\\Entity\\FactorOptions',
  93 => 'Twilio\\Rest\\Verify\\V2\\Service\\Entity\\FactorPage',
  94 => 'Twilio\\Rest\\Verify\\V2\\Service\\Entity\\NewFactorInstance',
  95 => 'Twilio\\Rest\\Verify\\V2\\Service\\Entity\\NewFactorList',
  96 => 'Twilio\\Rest\\Verify\\V2\\Service\\Entity\\NewFactorOptions',
  97 => 'Twilio\\Rest\\Verify\\V2\\Service\\Entity\\NewFactorPage',
);